node : C:\Users\mahis\OneDri
ve\Desktop\Project\backend\r
outes\applicationRoutes.js:1
At line:1 char:1
+ node server.js > 
error_log.txt 2>&1
+ ~~~~~~~~~~~~~~~~~~~~~~~~~~
~~~~~~~~~
    + CategoryInfo          
    : NotSpecified: (C:\Us  
  ers\mahis\...tionRoutes   
 .js:1:String) [], Remot    
eException
    + FullyQualifiedErrorId 
    : NativeCommandError
 
```
  ^

TypeError: "" is not a 
function
    at Object.<anonymous> (C
:\Users\mahis\OneDrive\Deskt
op\Project\backend\routes\ap
plicationRoutes.js:1:3)
    at Module._compile (node
:internal/modules/cjs/loader
:1760:14)
    at Object..js (node:inte
rnal/modules/cjs/loader:1893
:10)
    at Module.load (node:int
ernal/modules/cjs/loader:148
0:32)
    at Module._load (node:in
ternal/modules/cjs/loader:12
99:12)
    at 
TracingChannel.traceSync (no
de:diagnostics_channel:328:1
4)
    at wrapModuleLoad (node:
internal/modules/cjs/loader:
244:24)
    at Module.require (node:
internal/modules/cjs/loader:
1503:12)
    at require (node:interna
l/modules/helpers:152:16)
    at Object.<anonymous> (C
:\Users\mahis\OneDrive\Deskt
op\Project\backend\server.js
:21:30)

Node.js v24.11.0
